Copyright 1986-2018 Xilinx, Inc. All Rights Reserved.
------------------------------------------------------------------------------------------------------
| Tool Version : Vivado v.2018.2 (win64) Build 2258646 Thu Jun 14 20:03:12 MDT 2018
| Date         : Mon Mar  1 23:02:11 2021
| Host         : DESKTOP-P7J4UQ2 running 64-bit major release  (build 9200)
| Command      : report_control_sets -verbose -file bipolar_stepper_motor_top_control_sets_placed.rpt
| Design       : bipolar_stepper_motor_top
| Device       : xc7z010
------------------------------------------------------------------------------------------------------

Control Set Information

Table of Contents
-----------------
1. Summary
2. Histogram
3. Flip-Flop Distribution
4. Detailed Control Set Information

1. Summary
----------

+----------------------------------------------------------+-------+
|                          Status                          | Count |
+----------------------------------------------------------+-------+
| Number of unique control sets                            |     7 |
| Unused register locations in slices containing registers |    20 |
+----------------------------------------------------------+-------+


2. Histogram
------------

+--------+--------------+
| Fanout | Control Sets |
+--------+--------------+
|      4 |            2 |
|      6 |            1 |
|     10 |            1 |
|    16+ |            3 |
+--------+--------------+


3. Flip-Flop Distribution
-------------------------

+--------------+-----------------------+------------------------+-----------------+--------------+
| Clock Enable | Synchronous Set/Reset | Asynchronous Set/Reset | Total Registers | Total Slices |
+--------------+-----------------------+------------------------+-----------------+--------------+
| No           | No                    | No                     |              66 |           13 |
| No           | No                    | Yes                    |               0 |            0 |
| No           | Yes                   | No                     |              26 |            3 |
| Yes          | No                    | No                     |               0 |            0 |
| Yes          | No                    | Yes                    |               0 |            0 |
| Yes          | Yes                   | No                     |               0 |            0 |
+--------------+-----------------------+------------------------+-----------------+--------------+


4. Detailed Control Set Information
-----------------------------------

+----------------------------------------------------------------+---------------+--------------------------------------+------------------+----------------+
|                          Clock Signal                          | Enable Signal |           Set/Reset Signal           | Slice Load Count | Bel Load Count |
+----------------------------------------------------------------+---------------+--------------------------------------+------------------+----------------+
|  exp_iobuf_p[4].i_iobufp/O                                     |               | rotary_encoder_i/overflow[1]_i_1_n_0 |                1 |              4 |
|  exp_iobuf_p[1].i_iobufp/O                                     |               |                                      |                1 |              4 |
|  exp_iobuf_p[0].i_iobufp/O                                     |               |                                      |                1 |              6 |
|  exp_iobuf_p[4].i_iobufp/O                                     |               |                                      |                2 |             10 |
|  system_wrapper_i/system_i/processing_system7_0/inst/FCLK_CLK0 |               |                                      |                4 |             16 |
|  system_wrapper_i/system_i/processing_system7_0/inst/FCLK_CLK0 |               | speed_ctrl_i/clear                   |                2 |             22 |
|  speed_ctrl_i/clk                                              |               |                                      |                5 |             30 |
+----------------------------------------------------------------+---------------+--------------------------------------+------------------+----------------+


