#-----------------------------------------------------------
# Vivado v2018.2 (64-bit)
# SW Build 2258646 on Thu Jun 14 20:03:12 MDT 2018
# IP Build 2256618 on Thu Jun 14 22:10:49 MDT 2018
# Start of session at: Thu Feb 25 23:28:52 2021
# Process ID: 5096
# Current directory: C:/Users/james/OneDrive/Dokumente/Vivado/SoC_Projects/Stepper_Motor_Rotary
# Command line: vivado.exe -gui_launcher_event rodinguilauncherevent9512 C:\Users\james\OneDrive\Dokumente\Vivado\SoC_Projects\Stepper_Motor_Rotary\Stepper_Motor_Rotary.xpr
# Log file: C:/Users/james/OneDrive/Dokumente/Vivado/SoC_Projects/Stepper_Motor_Rotary/vivado.log
# Journal file: C:/Users/james/OneDrive/Dokumente/Vivado/SoC_Projects/Stepper_Motor_Rotary\vivado.jou
#-----------------------------------------------------------
start_gui
open_project C:/Users/james/OneDrive/Dokumente/Vivado/SoC_Projects/Stepper_Motor_Rotary/Stepper_Motor_Rotary.xpr
update_compile_order -fileset sources_1
launch_simulation
source steppermotor_tb.tcl
close_sim
launch_simulation
source steppermotor_tb.tcl
close_sim
launch_simulation
source steppermotor_tb.tcl
close_sim
launch_simulation
launch_simulation
source steppermotor_tb.tcl
close_sim
launch_simulation
source steppermotor_tb.tcl
close_sim
launch_simulation
source steppermotor_tb.tcl
close_sim
launch_simulation
source steppermotor_tb.tcl
close_sim
